Initialized native services in: /root/.gradle/native
Initialized jansi services in: /root/.gradle/native
Received JVM installation metadata from '/usr/lib/jvm/java-21-openjdk-amd64': {JAVA_HOME=/usr/lib/jvm/java-21-openjdk-amd64, JAVA_VERSION=21.0.8, JAVA_VENDOR=Ubuntu, RUNTIME_NAME=OpenJDK Runtime Environment, RUNTIME_VERSION=21.0.8+9-Ubuntu-0ubuntu124.04.1, VM_NAME=OpenJDK 64-Bit Server VM, VM_VERSION=21.0.8+9-Ubuntu-0ubuntu124.04.1, VM_VENDOR=Ubuntu, OS_ARCH=amd64}
Checking if the launcher JVM can be re-used for build. To be re-used, the launcher JVM needs to match the parameters required for the build process: --add-opens=java.base/java.util=ALL-UNNAMED --add-opens=java.base/java.lang=ALL-UNNAMED --add-opens=java.base/java.lang.invoke=ALL-UNNAMED --add-opens=java.prefs/java.util.prefs=ALL-UNNAMED --add-opens=java.base/java.nio.charset=ALL-UNNAMED --add-opens=java.base/java.net=ALL-UNNAMED --add-opens=java.base/java.util.concurrent.atomic=ALL-UNNAMED -Xmx2048m -Dfile.encoding=UTF-8 -Duser.country=US -Duser.language=en -Duser.variant
To honour the JVM settings for this build a single-use Daemon process will be forked. For more on this, please refer to https://docs.gradle.org/8.2/userguide/gradle_daemon.html#sec:disabling_the_daemon in the Gradle documentation.
Starting process 'Gradle build daemon'. Working directory: /root/.gradle/daemon/8.2 Command: /usr/lib/jvm/java-21-openjdk-amd64/bin/java --add-opens=java.base/java.util=ALL-UNNAMED --add-opens=java.base/java.lang=ALL-UNNAMED --add-opens=java.base/java.lang.invoke=ALL-UNNAMED --add-opens=java.prefs/java.util.prefs=ALL-UNNAMED --add-opens=java.base/java.nio.charset=ALL-UNNAMED --add-opens=java.base/java.net=ALL-UNNAMED --add-opens=java.base/java.util.concurrent.atomic=ALL-UNNAMED -Xmx2048m -Dfile.encoding=UTF-8 -Duser.country=US -Duser.language=en -Duser.variant -cp /home/user/Webdev/SourceScanner/gradle/gradle-8.2/lib/gradle-launcher-8.2.jar -javaagent:/home/user/Webdev/SourceScanner/gradle/gradle-8.2/lib/agents/gradle-instrumentation-agent-8.2.jar org.gradle.launcher.daemon.bootstrap.GradleDaemon 8.2
Successfully started process 'Gradle build daemon'
An attempt to start the daemon took 1.846 secs.
The client will now receive all logging from the daemon (pid: 37172). The daemon log file: /root/.gradle/daemon/8.2/daemon-37172.out.log
Closing daemon's stdin at end of input.
The daemon will no longer process any standard input.
Daemon will be stopped at the end of the build 
Using 16 worker leases.
Received JVM installation metadata from '/usr/lib/jvm/java-21-openjdk-amd64': {JAVA_HOME=/usr/lib/jvm/java-21-openjdk-amd64, JAVA_VERSION=21.0.8, JAVA_VENDOR=Ubuntu, RUNTIME_NAME=OpenJDK Runtime Environment, RUNTIME_VERSION=21.0.8+9-Ubuntu-0ubuntu124.04.1, VM_NAME=OpenJDK 64-Bit Server VM, VM_VERSION=21.0.8+9-Ubuntu-0ubuntu124.04.1, VM_VENDOR=Ubuntu, OS_ARCH=amd64}
Watching the file system is configured to be enabled if available
Not watching /home/user/Webdev/SourceScanner since the file system is not supported
File system watching is active
Starting Build
Settings evaluated using settings file '/home/user/Webdev/SourceScanner/settings.gradle'.
Projects loaded. Root project using build file '/home/user/Webdev/SourceScanner/build.gradle'.
Included projects: [root project 'SourceScanner', project ':app']

> Configure project :
Evaluating root project 'SourceScanner' using build file '/home/user/Webdev/SourceScanner/build.gradle'.
The configuration :classpath is both resolvable and consumable. This is considered a legacy configuration and it will eventually only be possible to be one of these.
The configuration :classpath is both consumable and declarable. This combination is incorrect, only one of these flags should be set.
The configuration :classpath is both resolvable and consumable. This is considered a legacy configuration and it will eventually only be possible to be one of these.
The configuration :classpath is both consumable and declarable. This combination is incorrect, only one of these flags should be set.

FAILURE: Build failed with an exception.

* What went wrong:
A problem occurred configuring root project 'SourceScanner'.
> Could not resolve all files for configuration ':classpath'.
   > Could not resolve com.android.tools.build:gradle:7.4.2.
     Required by:
         project :
      > Could not resolve com.android.tools.build:gradle:7.4.2.
         > Could not get resource 'https://dl.google.com/dl/android/maven2/com/android/tools/build/gradle/7.4.2/gradle-7.4.2.pom'.
            > Could not GET 'https://dl.google.com/dl/android/maven2/com/android/tools/build/gradle/7.4.2/gradle-7.4.2.pom'.
               > dl.google.com: Temporary failure in name resolution
      > Could not resolve com.android.tools.build:gradle:7.4.2.
         > Could not get resource 'https://repo.maven.apache.org/maven2/com/android/tools/build/gradle/7.4.2/gradle-7.4.2.pom'.
            > Could not GET 'https://repo.maven.apache.org/maven2/com/android/tools/build/gradle/7.4.2/gradle-7.4.2.pom'.
               > repo.maven.apache.org: Temporary failure in name resolution
   > Could not resolve org.jetbrains.kotlin:kotlin-gradle-plugin:1.9.20.
     Required by:
         project :
      > Could not resolve org.jetbrains.kotlin:kotlin-gradle-plugin:1.9.20.
         > Could not get resource 'https://dl.google.com/dl/android/maven2/org/jetbrains/kotlin/kotlin-gradle-plugin/1.9.20/kotlin-gradle-plugin-1.9.20.pom'.
            > Could not GET 'https://dl.google.com/dl/android/maven2/org/jetbrains/kotlin/kotlin-gradle-plugin/1.9.20/kotlin-gradle-plugin-1.9.20.pom'.
               > dl.google.com
      > Could not resolve org.jetbrains.kotlin:kotlin-gradle-plugin:1.9.20.
         > Could not get resource 'https://repo.maven.apache.org/maven2/org/jetbrains/kotlin/kotlin-gradle-plugin/1.9.20/kotlin-gradle-plugin-1.9.20.pom'.
            > Could not GET 'https://repo.maven.apache.org/maven2/org/jetbrains/kotlin/kotlin-gradle-plugin/1.9.20/kotlin-gradle-plugin-1.9.20.pom'.
               > repo.maven.apache.org

* Try:
> Run with --stacktrace option to get the stack trace.
> Run with --debug option to get more log output.
> Run with --scan to get full insights.
> Get more help at https://help.gradle.org.

BUILD FAILED in 6s
Some of the file system contents retained in the virtual file system are on file systems that Gradle doesn't support watching. The relevant state was discarded to ensure changes to these locations are properly detected. You can override this by explicitly enabling file system watching.
